// Jest Snapshot v1, https://goo.gl/fbAQLP

exports[`Gif Item should render without crashing 1`] = `
<div
  class="border-0 overflow-hidden mt-2 card"
  data-testid="1"
  id="1"
>
  <img
    alt=""
    class="overflow-hidden"
    src="http://localhost:8000/mock-url"
  />
  <div
    class="card-img-overlay h-100 d-flex flex-column justify-content-end"
  >
    <p
      class="card-text text-white"
    >
      abc
    </p>
  </div>
</div>
`;
