// Jest Snapshot v1, https://goo.gl/fbAQLP

exports[`Sign In: Step 3 should match snapshot 1`] = `
.c1 {
  padding: 0.25rem !important;
  border-radius: 0.25rem;
  border: 1px solid #2b5dab;
  color: #fff;
  background-color: #2b5dab;
}

.c1:hover {
  background-color: #25539c;
  color: #fff;
}

.c0 {
  position: absolute;
  display: -webkit-box;
  display: -webkit-flex;
  display: -ms-flexbox;
  display: flex;
  -webkit-flex-direction: column;
  -ms-flex-direction: column;
  flex-direction: column;
  height: 100%;
  width: 100%;
}

<div>
  <div
    class="c0"
    style="transform: translateX(-500px) translateZ(0);"
  >
    <h6
      class="d-flex justify-content-center fw-normal mb-3 mt-2"
    >
      auth.enterCode
    </h6>
    <form
      class=""
    >
      <div
        class="my-3 input-group"
      >
        <span
          class="input-group-text"
        >
          <svg
            aria-hidden="true"
            class="svg-inline--fa fa-phone fa-w-16 "
            data-icon="phone"
            data-prefix="fas"
            focusable="false"
            role="img"
            viewBox="0 0 512 512"
            xmlns="http://www.w3.org/2000/svg"
          >
            <path
              d="M493.4 24.6l-104-24c-11.3-2.6-22.9 3.3-27.5 13.9l-48 112c-4.2 9.8-1.4 21.3 6.9 28l60.6 49.6c-36 76.7-98.9 140.5-177.2 177.2l-49.6-60.6c-6.8-8.3-18.2-11.1-28-6.9l-112 48C3.9 366.5-2 378.1.6 389.4l24 104C27.1 504.2 36.7 512 48 512c256.1 0 464-207.5 464-464 0-11.2-7.7-20.9-18.6-23.4z"
              fill="currentColor"
            />
          </svg>
        </span>
        <input
          class="form-control"
          name="password"
          placeholder="auth.placeholder.enterCode"
          type="password"
        />
      </div>
      <div
        class="d-grid"
      >
        <button
          class="c1"
          type="submit"
          variant="primary"
        >
          auth.signInBtn
        </button>
      </div>
      <div
        class="d-flex justify-content-center mt-2"
      >
        <small
          class="form-text"
        >
          auth.notRegistered
           
          <a
            href="/register"
          >
            auth.createNewAccount
          </a>
        </small>
      </div>
    </form>
  </div>
</div>
`;
