// Jest Snapshot v1, https://goo.gl/fbAQLP

exports[`Auth Form Layout should match snapshot 1`] = `
.c0 {
  background-color: #fff;
  color: #000000;
  overflow-x: hidden;
}

.c1 {
  height: 100vh;
  width: 100vw;
  display: -webkit-box;
  display: -webkit-flex;
  display: -ms-flexbox;
  display: flex;
  margin: auto;
  background-image: linear-gradient( to right, #a1343e, #2b5dab );
}

.c1 .form-container {
  height: 70%;
  width: 100%;
  margin: auto;
}

.c2 {
  width: 90%;
  margin: auto;
  border-radius: 0.25rem;
  padding: 3rem;
  background-color: #fff;
  color: #1b1c1c;
}

@media only screen and (min-width:768px) {
  .c2 {
    width: 50%;
  }
}

@media only screen and (min-width:1024px) {
  .c2 {
    width: 40%;
  }
}

@media only screen and (min-width:1280px) {
  .c2 {
    width: 25%;
  }
}

<div>
  <div
    class="c0 c1"
  >
    <div
      class="c2"
    />
  </div>
</div>
`;
