// Jest Snapshot v1, https://goo.gl/fbAQLP

exports[`Gif List should render without crashing with only mandatory props 1`] = `
<div
  class="infinite-scroll-component__outerdiv"
>
  <div
    class="infinite-scroll-component overflow-hidden"
    style="height: auto; overflow: auto;"
  >
    <div
      class="g-2 row row-cols-xl-4 row-cols-md-3 row-cols-sm-2 row-cols-2"
      data-testid="gif-list"
    >
      <div>
        <div
          class="lazyload-wrapper "
        >
          <div
            class="lazyload-placeholder"
          />
        </div>
      </div>
      <div>
        <div
          class="lazyload-wrapper "
        >
          <div
            class="lazyload-placeholder"
          />
        </div>
      </div>
      <div />
    </div>
    <p
      style="text-align: center;"
    >
      <b>
        Yay! You have seen it all
      </b>
    </p>
  </div>
</div>
`;
