// Jest Snapshot v1, https://goo.gl/fbAQLP

exports[`Primary Layout should match snapshot 1`] = `
.c0 {
  background-color: #fff;
  color: #000000;
  overflow-x: hidden;
}

<div>
  <div
    class="c0"
  >
    <div
      class="container container"
    >
      NavBar
      Top Search
    </div>
  </div>
</div>
`;
