// Jest Snapshot v1, https://goo.gl/fbAQLP

exports[`Top Search should render without crashing 1`] = `
<div>
  <div
    class="my-4 input-group"
  >
    <input
      aria-label="gif-sticker-search"
      class="form-control"
      placeholder="Search all the GIFs and Stickers"
    />
    <span
      class="input-group-text"
      id="basic-addon2"
    >
      Search
    </span>
  </div>
</div>
`;
