// Jest Snapshot v1, https://goo.gl/fbAQLP

exports[`Top Search should match snapshot 1`] = `
.c0 {
  background-color: #fff !important;
  color: #000000 !important;
}

.c1 {
  padding: 0.25rem !important;
  border-radius: 0.25rem;
  border: 1px solid #d3d3d3;
  color: #000000;
  background-color: #fff;
}

.c1:hover {
  background-color: #444444;
  color: #ffffff;
}

<div>
  <div
    class="my-4 input-group"
  >
    <input
      aria-label="gif-sticker-search"
      class="c0 form-control"
      placeholder="searchPlaceholder"
    />
    <button
      class="c1"
      id="search-btn"
    >
      searchBtn
    </button>
  </div>
</div>
`;
